// Jest Snapshot v1, https://goo.gl/fbAQLP

exports[`MessageBoard component renders correctly with messages from 2 users 1`] = `
<div
  className="inline-block space-x-4 whitespace-nowrap"
>
  <div
    className="bg-gray-100 dark:bg-gray-700 inline-block p-5 pb-6 rounded-3xl shadow-xl inline-block"
  >
    <div
      className="flex mb-4 mx-2"
    >
      <p
        className="text-2xl font-bold text-gray-800 dark:text-gray-300"
      >
        Primary
      </p>
    </div>
    <div
      className="grid grid-cols-1 space-y-5"
    >
      <div
        className="rounded-3xl bg-white dark:bg-gray-800 w-80 p-5 shadow-lg relative"
      >
        <div
          className="flex"
        >
          <div
            className=" h-12 w-12 rounded-full overflow-clip overflow-hidden inline-block cursor-default"
          >
            <svg
              viewBox="0 0 1 1"
            >
              <rect
                fill="#111827"
                height={1}
                width={1}
              />
              <text
                dy="0.178"
                fill="#FFF"
                style={
                  Object {
                    "fontFamily": "Inter",
                    "fontSize": 0.5,
                    "fontWeight": "bold",
                  }
                }
                textAnchor="middle"
                x={0.5}
                y={0.5}
              >
                Pr
              </text>
            </svg>
          </div>
          <div
            className="my-auto inline-block ml-5"
          >
            <p
              className="text-lg font-bold mb-0 leading-5 text-gray-800 dark:text-gray-300"
            >
              Test title
            </p>
            <p
              className="text-xs font-bold text-gray-500 dark:text-gray-400"
            >
              — primary
            </p>
          </div>
        </div>
        <p
          className="whitespace-pre-line text-sm leading-4 my-3 text-gray-800 dark:text-gray-300"
        >
          <span>
            This is a simple test message.

It spans over multiple lines.
          </span>
        </p>
        <div
          className="flex"
        >
          <div
            className="inline-block"
          >
            <p
              className="text-xs font-bold text-gray-500 dark:text-gray-400"
            >
              — by 
              Primary
            </p>
            <p
              className="text-xs font-bold text-gray-500 dark:text-gray-400"
            >
              2 hours ago
            </p>
          </div>
        </div>
      </div>
      <div
        className="rounded-3xl bg-white dark:bg-gray-800 w-80 p-5 shadow-lg relative"
      >
        <div
          className="flex"
        >
          <div
            className=" h-12 w-12 rounded-full overflow-clip overflow-hidden inline-block cursor-default"
          >
            <svg
              viewBox="0 0 1 1"
            >
              <rect
                fill="#111827"
                height={1}
                width={1}
              />
              <text
                dy="0.178"
                fill="#FFF"
                style={
                  Object {
                    "fontFamily": "Inter",
                    "fontSize": 0.5,
                    "fontWeight": "bold",
                  }
                }
                textAnchor="middle"
                x={0.5}
                y={0.5}
              >
                Pr
              </text>
            </svg>
          </div>
          <div
            className="my-auto inline-block ml-5"
          >
            <p
              className="text-lg font-bold mb-0 leading-5 text-gray-800 dark:text-gray-300"
            >
              Test title
            </p>
            <p
              className="text-xs font-bold text-gray-500 dark:text-gray-400"
            >
              — primary
            </p>
          </div>
        </div>
        <p
          className="whitespace-pre-line text-sm leading-4 my-3 text-gray-800 dark:text-gray-300"
        >
          <span>
            Explicabo ipsum iusto qui porro iste possimus ad voluptatem. Nam maxime voluptatem nostrum deleniti saepe. Officia dolor velit sunt velit placeat amet
            <span
              aria-label="show more"
              className="text-blue-500 dark:text-blue-400 cursor-pointer"
              onClick={[Function]}
            >
              [...]
            </span>
          </span>
        </p>
        <div
          className="flex"
        >
          <div
            className="inline-block"
          >
            <p
              className="text-xs font-bold text-gray-500 dark:text-gray-400"
            >
              — by 
              Primary
            </p>
            <p
              className="text-xs font-bold text-gray-500 dark:text-gray-400"
            >
              2 hours ago
            </p>
          </div>
        </div>
      </div>
    </div>
  </div>
  <div
    className="bg-gray-100 dark:bg-gray-700 inline-block p-5 pb-6 rounded-3xl shadow-xl inline-block"
  >
    <div
      className="flex mb-4 mx-2"
    >
      <p
        className="text-2xl font-bold text-gray-800 dark:text-gray-300"
      >
        Other
      </p>
    </div>
    <div
      className="grid grid-cols-1 space-y-5"
    >
      <div
        className="rounded-3xl bg-white dark:bg-gray-800 w-80 p-5 shadow-lg relative"
      >
        <div
          className="flex"
        >
          <div
            className=" h-12 w-12 rounded-full overflow-clip overflow-hidden inline-block cursor-default"
          >
            <svg
              viewBox="0 0 1 1"
            >
              <rect
                fill="#111827"
                height={1}
                width={1}
              />
              <text
                dy="0.178"
                fill="#FFF"
                style={
                  Object {
                    "fontFamily": "Inter",
                    "fontSize": 0.5,
                    "fontWeight": "bold",
                  }
                }
                textAnchor="middle"
                x={0.5}
                y={0.5}
              >
                Ot
              </text>
            </svg>
          </div>
          <div
            className="my-auto inline-block ml-5"
          >
            <p
              className="text-lg font-bold mb-0 leading-5 text-gray-800 dark:text-gray-300"
            >
              Other title
            </p>
            <p
              className="text-xs font-bold text-gray-500 dark:text-gray-400"
            >
              — other
            </p>
          </div>
        </div>
        <p
          className="whitespace-pre-line text-sm leading-4 my-3 text-gray-800 dark:text-gray-300"
        >
          <span>
            This is a simple test message.

It spans over multiple lines.
          </span>
        </p>
        <div
          className="flex"
        >
          <div
            className="inline-block"
          >
            <p
              className="text-xs font-bold text-gray-500 dark:text-gray-400"
            >
              — by 
              Other
            </p>
            <p
              className="text-xs font-bold text-gray-500 dark:text-gray-400"
            >
              1 hour ago
            </p>
          </div>
        </div>
      </div>
    </div>
  </div>
</div>
`;
